
> site-tokenone@0.1.0 build
> next build

   ▲ Next.js 15.5.4
   - Environments: .env.local

   Creating an optimized production build ...
uncaughtException [Error: write EPIPE] { errno: -4047, code: 'EPIPE', syscall: 'write' }
